2021-04-12 11:46:32,023 : DEBUG : Hello
2021-04-12 11:48:09,907 : DEBUG : Hello
2021-04-12 11:48:47,135 : DEBUG : Hello
2021-04-12 11:51:39,539 : DEBUG : Hello
2021-04-12 11:52:03,321 : DEBUG : Hello
2021-04-12 11:52:16,936 : DEBUG : Hello
2021-04-12 11:52:31,972 : DEBUG : Hello
